I'm sorry, but errors were detected in your script. Please correct the
errors listed below, and try again.


File "game/script.rpy", line 39: invalid syntax
        def is_close(self,player)
    

Ren'Py Version: Ren'Py 8.0.3.22090809
Sat Oct 15 16:31:47 2022
